// Jest Snapshot v1, https://goo.gl/fbAQLP

exports[`AddressForm should omit fields that are used in to get the postal code 1`] = `
<div
  className="vtex-address-form__container"
>
  <p
    className="input ship-street required text"
  >
    <label
      htmlFor="ship-street"
    >
      Street
    </label>
    <input
      autoComplete="on"
      autoFocus={false}
      className="input-xlarge"
      data-hj-whitelist={true}
      disabled={false}
      id="ship-street"
      name="street"
      onBlur={[Function]}
      onChange={[Function]}
      onFocus={[Function]}
      placeholder={null}
      type="text"
      value=""
    />
  </p>
  <p
    className="input ship-number required text"
  >
    <label
      htmlFor="ship-number"
    >
      Number
    </label>
    <input
      autoComplete="on"
      autoFocus={false}
      className="input-mini"
      data-hj-whitelist={true}
      disabled={false}
      id="ship-number"
      maxLength={750}
      name="number"
      onBlur={[Function]}
      onChange={[Function]}
      onFocus={[Function]}
      placeholder={null}
      type="text"
      value=""
    />
  </p>
  <p
    className="input ship-complement text"
  >
    <label
      htmlFor="ship-complement"
    >
      Additional info (eg: apt 201)
    </label>
    <input
      autoComplete="on"
      autoFocus={false}
      className="input-large"
      data-hj-whitelist={true}
      disabled={false}
      id="ship-complement"
      maxLength={750}
      name="complement"
      onBlur={[Function]}
      onChange={[Function]}
      onFocus={[Function]}
      placeholder="Optional"
      type="text"
      value=""
    />
  </p>
  <p
    className="input ship-neighborhood required text"
  >
    <label
      htmlFor="ship-neighborhood"
    >
      Neighborhood
    </label>
    <input
      autoComplete="on"
      autoFocus={false}
      className="input-large"
      data-hj-whitelist={true}
      disabled={false}
      id="ship-neighborhood"
      maxLength={100}
      name="neighborhood"
      onBlur={[Function]}
      onChange={[Function]}
      onFocus={[Function]}
      placeholder={null}
      type="text"
      value=""
    />
  </p>
  <p
    className="input ship-city required text"
  >
    <label
      htmlFor="ship-city"
    >
      City
    </label>
    <input
      autoComplete="on"
      autoFocus={false}
      className="input-large"
      data-hj-whitelist={true}
      disabled={false}
      id="ship-city"
      name="city"
      onBlur={[Function]}
      onChange={[Function]}
      onFocus={[Function]}
      placeholder={null}
      type="text"
      value=""
    />
  </p>
  <p
    className="input ship-state required text"
  >
    <label
      htmlFor="ship-state"
    >
      State
    </label>
    <select
      className="input-mini"
      disabled={false}
      id="ship-state"
      name="state"
      onBlur={[Function]}
      onChange={[Function]}
      value=""
    >
      <option
        value=""
      >
        UF
      </option>
      <option
        value="AC"
      >
        Acre
      </option>
      <option
        value="AL"
      >
        Alagoas
      </option>
      <option
        value="AP"
      >
        Amap√°
      </option>
      <option
        value="RJ"
      >
        Rio de Janeiro
      </option>
    </select>
  </p>
  <p
    className="input ship-receiverName required text"
  >
    <label
      htmlFor="ship-receiverName"
    >
      Receiver
    </label>
    <input
      autoComplete="on"
      autoFocus={false}
      className="input-large"
      data-hj-whitelist={true}
      disabled={false}
      id="ship-receiverName"
      maxLength={750}
      name="receiver"
      onBlur={[Function]}
      onChange={[Function]}
      onFocus={[Function]}
      placeholder={null}
      type="text"
      value=""
    />
  </p>
</div>
`;
